// Jest Snapshot v1, https://goo.gl/fbAQLP

exports[`memoCache a 1`] = `
[MockFunction] {
  "calls": Array [
    Array [
      6,
    ],
    Array [
      12,
    ],
  ],
  "results": Array [
    Object {
      "type": "return",
      "value": undefined,
    },
    Object {
      "type": "return",
      "value": undefined,
    },
  ],
}
`;
