// Jest Snapshot v1, https://goo.gl/fbAQLP

exports[`mergeDeep 1`] = `
Object {
  "b": Object {
    "c": "c1",
    "c2": "c2",
  },
  "d": "d2",
  "e": "e1",
}
`;

exports[`sortObjectDeep 1`] = `
Object {
  "a": 1,
  "aa": 6,
  "b": 2,
  "c": Object {
    "d": Object {
      "aa": 1,
      "j": 5,
      "m": 4,
    },
    "dd": Array [
      3,
      2,
      1,
      0,
      55,
    ],
    "ddd": Array [
      "b",
      "c",
      "a",
    ],
    "m": "sdf",
  },
}
`;
